[0.007s] Invoking command in '/home/admin/ros2_ws/build/aruco_marker_models_1': /usr/bin/cmake --build /home/admin/ros2_ws/build/aruco_marker_models_1 -- -j20 -l20
[0.022s] -- Found ament_cmake: 1.3.11 (/opt/ros/humble/share/ament_cmake/cmake)
[0.096s] -- Found urdf: 2.6.1 (/opt/ros/humble/share/urdf/cmake)
[0.114s] -- Found xacro: 2.0.13 (/opt/ros/humble/share/xacro/cmake)
[0.147s] Error parsing '/home/admin/ros2_ws/aruco_marker_models_1/package.xml':
[0.172s] Traceback (most recent call last):
[0.172s]   File "/usr/lib/python3/dist-packages/catkin_pkg/package.py", line 610, in parse_package_string
[0.172s]     root = dom.parseString(data)
[0.172s]   File "/usr/lib/python3.10/xml/dom/minidom.py", line 2000, in parseString
[0.173s]     return expatbuilder.parseString(string)
[0.173s]   File "/usr/lib/python3.10/xml/dom/expatbuilder.py", line 925, in parseString
[0.173s]     return builder.parseString(string)
[0.173s]   File "/usr/lib/python3.10/xml/dom/expatbuilder.py", line 223, in parseString
[0.173s]     parser.Parse(string, True)
[0.173s] xml.parsers.expat.ExpatError: mismatched tag: line 17, column 2
[0.173s] 
[0.173s] During handling of the above exception, another exception occurred:
[0.173s] 
[0.173s] Traceback (most recent call last):
[0.173s]   File "/opt/ros/humble/share/ament_cmake_core/cmake/core/package_xml_2_cmake.py", line 150, in <module>
[0.173s]     main()
[0.173s]   File "/opt/ros/humble/share/ament_cmake_core/cmake/core/package_xml_2_cmake.py", line 53, in main
[0.173s]     raise e
[0.173s]   File "/opt/ros/humble/share/ament_cmake_core/cmake/core/package_xml_2_cmake.py", line 49, in main
[0.173s]     package = parse_package_string(
[0.173s]   File "/usr/lib/python3/dist-packages/catkin_pkg/package.py", line 612, in parse_package_string
[0.173s]     raise InvalidPackage('The manifest contains invalid XML:\n%s' % ex, filename)
[0.173s] catkin_pkg.package.InvalidPackage: Error(s) in package '/home/admin/ros2_ws/aruco_marker_models_1/package.xml':
[0.173s] The manifest contains invalid XML:
[0.173s] mismatched tag: line 17, column 2
[0.180s] [31mCMake Error at /opt/ros/humble/share/ament_cmake_core/cmake/core/ament_package_xml.cmake:95 (message):
[0.180s]   execute_process(/usr/bin/python3
[0.180s]   /opt/ros/humble/share/ament_cmake_core/cmake/core/package_xml_2_cmake.py
[0.180s]   /home/admin/ros2_ws/aruco_marker_models_1/package.xml
[0.180s]   /home/admin/ros2_ws/build/aruco_marker_models_1/ament_cmake_core/package.cmake)
[0.180s]   returned error code 1
[0.180s] Call Stack (most recent call first):
[0.180s]   /opt/ros/humble/share/ament_cmake_core/cmake/core/ament_package_xml.cmake:49 (_ament_package_xml)
[0.181s]   /opt/ros/humble/share/ament_cmake_core/cmake/core/ament_package.cmake:63 (ament_package_xml)
[0.181s]   CMakeLists.txt:13 (ament_package)
[0.181s] 
[0.181s] [0m
[0.181s] -- Configuring incomplete, errors occurred!
[0.181s] See also "/home/admin/ros2_ws/build/aruco_marker_models_1/CMakeFiles/CMakeOutput.log".
[0.183s] gmake: *** [Makefile:138: cmake_check_build_system] Error 1
[0.184s] Invoked command in '/home/admin/ros2_ws/build/aruco_marker_models_1' returned '2': /usr/bin/cmake --build /home/admin/ros2_ws/build/aruco_marker_models_1 -- -j20 -l20
